[binarysharp.com/index.html]
[backblue.gif]
[fade.gif]
[index.html]
[binarysharp.com/favicon.ico]
[binarysharp.com/public/style_images/cubic/meta_image.png]
[fonts.googleapis.com/css13b7.css]
[binarysharp.com/public/style_images/cubic/assets/icons.css]
[binarysharp.com/public/style_images/cubic/help.png]
[binarysharp.com/public/style_images/cubic/grain.png]
[binarysharp.com/public/style_images/cubic/trans/black1.png]
[binarysharp.com/public/style_images/cubic/trans/black5.png]
[binarysharp.com/public/style_images/cubic/highlight.png]
[binarysharp.com/public/style_images/cubic/trans/black7.png]
[binarysharp.com/public/style_images/cubic/header_dropdown.png]
[binarysharp.com/public/style_images/cubic/maintitle.png]
[binarysharp.com/public/style_images/cubic/assets/ckeditor/icons.png]
[binarysharp.com/public/style_images/cubic/icon_quicknav.png]
[binarysharp.com/public/style_images/cubic/trans/black6.png]
[binarysharp.com/public/style_images/cubic/advanced_search.png]
[binarysharp.com/public/style_images/cubic/search_icon.png]
[binarysharp.com/public/style_images/cubic/icon_socialmedia.png]
[binarysharp.com/public/style_images/cubic/icon_sprite.png]
[binarysharp.com/public/style_images/cubic/moderation_cog.png]
[binarysharp.com/public/style_images/cubic/progressbar_warning.png]
[binarysharp.com/public/style_images/cubic/cat_minimize.png]
[binarysharp.com/public/style_images/cubic/cat_maximize.png]
[binarysharp.com/public/style_images/cubic/desc_more.png]
[binarysharp.com/public/style_images/cubic/subforum_stem.png]
[binarysharp.com/public/style_images/cubic/icon_expand_close.png]
[binarysharp.com/public/style_images/cubic/loading.gif]
[binarysharp.com/public/style_images/cubic/stems/tooltip_top.png]
[binarysharp.com/public/style_images/cubic/icon_check_white.png]
[binarysharp.com/public/style_images/cubic/wizard_step_large.png]
[binarysharp.com/public/style_images/cubic/wizard_step_extra.png]
[binarysharp.com/public/style_images/cubic/tag_bg.png]
[binarysharp.com/public/style_images/cubic/folder_closed.png]
[binarysharp.com/public/style_images/cubic/icon_check.png]
[binarysharp.com/public/style_images/cubic/close_popup_light.png]
[binarysharp.com/public/style_images/cubic/stems/topleft.png]
[binarysharp.com/public/style_images/cubic/cross_sml.png]
[binarysharp.com/public/style_images/cubic/topic_mod_arrow.png]
[binarysharp.com/public/style_images/cubic/trans/black2.png]
[binarysharp.com/public/style_images/cubic/globe.png]
[binarysharp.com/public/style_images/cubic/topicview_normal.png]
[binarysharp.com/public/style_images/cubic/icon_warning.png]
[binarysharp.com/public/style_images/cubic/add.png]
[binarysharp.com/public/style_images/cubic/exclamation.png]
[binarysharp.com/public/style_images/cubic/accept.png]
[binarysharp.com/public/style_images/cubic/icon_attach.png]
[binarysharp.com/public/style_images/cubic/close_popup.png]
[binarysharp.com/public/style_images/cubic/spacer.gif]
[binarysharp.com/public/style_images/cubic/assets/ad_styler/imgs/bgs/noise_1.png]
[binarysharp.com/public/style_css/prism.css]
[binarysharp.com/public/glyphicons/css/glyphicons.css]
[ajax.googleapis.com/ajax/libs/jquery/1.8.3/jquery.min.js]
[binarysharp.com/public/js/3rd_party/prototype.js]
[binarysharp.com/public/js/ipb1ade.js]
[binarysharp.com/public/js/3rd_party/scriptaculous/scriptaculous-cache.js]
[binarysharp.com/cache/lang_cache/1/ipb.lang.js]
[binarysharp.com/public/js/prism.js]
[binarysharp.com/public/style_images/cubic/assets/js/cubic.js]
[binarysharp.com/public/style_images/cubic/index.html]
[binarysharp.com/public/style_images/cubic/star.png]
[binarysharp.com/public/style_images/cubic/star_off.png]
[binarysharp.com/public/style_images/cubic/star_rated.png]
[binarysharp.com/public/js/3rd_party/swfupload/swfupload.swf]
[binarysharp.com/public/style_images/cubic/logo.png]
[binarysharp.com/products/benchshark/index.html]
[binarysharp.com/products/fasmnet/index.html]
[binarysharp.com/products/memorysharp/index.html]
[binarysharp.com/public/style_images/cubic/dropdown.png]
[binarysharp.com/index13e2.html]
[binarysharp.com/index9d04.html]
[binarysharp.com/index-2.html]
[binarysharp.com/uploads/86a8bde45629f24d013339be1b3682ee.png]
[binarysharp.com/content/general/index.html]
[binarysharp.com/index11c6.html]
[binarysharp.com/content/binarysharp-products-news/index.html]
[binarysharp.com/content/binarysharp-products-news/benchshark/index.html]
[binarysharp.com/content/binarysharp-products-news/fasm-net/index.html]
[binarysharp.com/content/binarysharp-products-news/benchshark/let-benchshark-bite-your-applications-r14.html]
[binarysharp.com/content/binarysharp-products-news/memorysharp/index.html]
[binarysharp.com/uploads/4a8079990dcc7e800a1e0738fece50a6.png]
[binarysharp.com/content/binarysharp-products-news/nuget-integration-for-libraries-r13.html]
[binarysharp.com/uploads/6117b52b3ca249ac9f9d163e9482f86c.png]
[binarysharp.com/content/binarysharp-products-news/memorysharp/memorysharp-is-now-free-r12.html]
[binarysharp.com/uploads/8ff2d013d32a6fe4afd1acc43627a2ee.png]
[binarysharp.com/content/binarysharp-products-news/memorysharp/memorysharp-ready-for-sale-r11.html]
[binarysharp.com/uploads/52e8156efebdbe17eccb2b49cff39faf.png]
[binarysharp.com/content/general/welcome-to-binarysharp-r10.html]
[binarysharp.com/indexa487.html]
[binarysharp.com/privacypolicy/index.html]
[binarysharp.com/index.html]
[binarysharp.com/indexa43b.html]
[fonts.gstatic.com/s/opensans/v40/memSYaGs126MiZpBA-UvWbX2vVnXBbObj2OVZyOOSr4dVJWUgsiH0B4gaVc.ttf]
[fonts.gstatic.com/s/opensans/v40/memSYaGs126MiZpBA-UvWbX2vVnXBbObj2OVZyOOSr4dVJWUgsjZ0B4gaVc.ttf]
[fonts.gstatic.com/s/opensans/v40/memSYaGs126MiZpBA-UvWbX2vVnXBbObj2OVZyOOSr4dVJWUgsgH1x4gaVc.ttf]
[fonts.googleapis.com/css13b7.css]
[fonts.gstatic.com/s/opensans/v40/memSYaGs126MiZpBA-UvWbX2vVnXBbObj2OVZyOOSr4dVJWUgsg-1x4gaVc.ttf]
[binarysharp.com/public/style_images/cubic/assets/fontawesome-webfont.eot]
[binarysharp.com/public/style_images/cubic/assets/fontawesome-webfontd41d.eot]
[binarysharp.com/public/style_images/cubic/assets/fontawesome-webfont.woff]
[binarysharp.com/public/style_images/cubic/assets/fontawesome-webfont.ttf]
[binarysharp.com/public/style_images/cubic/assets/icons.css]
[binarysharp.com/public/style_css/prism.css]
[binarysharp.com/public/glyphicons/css/custom.css]
[binarysharp.com/public/glyphicons/fonts/glyphicons-regular.eot]
[binarysharp.com/public/glyphicons/fonts/glyphicons-regulard41d.eot]
[binarysharp.com/public/glyphicons/fonts/glyphicons-regular.woff]
[binarysharp.com/public/glyphicons/fonts/glyphicons-regular.ttf]
[binarysharp.com/public/glyphicons/images/glyphicons.png]
[binarysharp.com/public/glyphicons/images/glyphicons-white.png]
[binarysharp.com/public/glyphicons/css/glyphicons.css]
[binarysharp.com/public/style_images/cubic/index.html]
[binarysharp.com/uploads/index.html]
[binarysharp.com/products/benchshark/index.html]
[binarysharp.com/products/fasmnet/index.html]
[binarysharp.com/products/memorysharp/index.html]
[binarysharp.com/indexc002.html]
[binarysharp.com/public/style_images/cubic/editor/next.png]
[binarysharp.com/public/style_images/cubic/editor/prev.png]
[binarysharp.com/public/style_images/cubic/rte_icons/rte_arrow.png]
[binarysharp.com/public/js/ipb5ea1.js]
[binarysharp.com/index13e2.html]
[binarysharp.com/index9d04.html]
[binarysharp.com/public/js/ipbbf41.js]
[binarysharp.com/public/style_images/cubic/f_icon_read.png]
[secure.gravatar.com/avatar/2c151f516717fe7e030adef25879c55b63d2.png]
[i1.wp.com/binarysharp.com/public/style_images/cubic/profile/default_largeeb45.png]
[binarysharp.com/uploads/profile/photo-thumb-3666b76.jpg]
[binarysharp.com/indexa5a1.html]
[binarysharp.com/index23f1.html]
[binarysharp.com/index-2.html]
[binarysharp.com/indexc955.html]
[binarysharp.com/best-content/index.html]
[binarysharp.com/public/style_images/cubic/feed.png]
[binarysharp.com/index11c6.html]
[binarysharp.com/public/js/ipb6d1e.js]
[binarysharp.com/public/style_images/cubic/icon_users.png]
[binarysharp.com/public/style_images/cubic/archive.png]
[binarysharp.com/content/general/index.html]
[binarysharp.com/content/binarysharp-products-news/index.html]
[binarysharp.com/content/binarysharp-products-news/benchshark/index.html]
[binarysharp.com/content/binarysharp-products-news/fasm-net/index.html]
[binarysharp.com/content/general/index47b0.html]
[binarysharp.com/content/binarysharp-products-news/memorysharp/index.html]
[binarysharp.com/content/binarysharp-products-news/benchshark/index47b0.html]
[binarysharp.com/content/binarysharp-products-news/fasm-net/index47b0.html]
[binarysharp.com/content/binarysharp-products-news/index47b0.html]
[binarysharp.com/content/binarysharp-products-news/memorysharp/index47b0.html]
[binarysharp.com/public/style_css/prettifye0f2.css]
[binarysharp.com/public/js/ipb7f89.js]
[binarysharp.com/public/js/3rd_party/prettify/prettify.js]
[binarysharp.com/public/js/3rd_party/prettify/lang-sql.js]
[binarysharp.com/public/style_extra/sharelinks/print.png]
[binarysharp.com/public/style_extra/sharelinks/email.png]
[binarysharp.com/public/style_extra/sharelinks/twitter.png]
[apis.google.com/js/plusone.js]
[binarysharp.com/public/style_extra/sharelinks/digg.png]
[binarysharp.com/public/style_extra/sharelinks/delicious.png]
[binarysharp.com/public/style_extra/sharelinks/reddit.png]
[binarysharp.com/public/style_extra/sharelinks/stumble.png]
[binarysharp.com/public/js/3rd_party/lightbox.js]
[binarysharp.com/content/binarysharp-products-news/benchshark/let-benchshark-bite-your-applications-r14.html]
[binarysharp.com/content/binarysharp-products-news/nuget-integration-for-libraries-r13.html]
[binarysharp.com/public/style_emoticons/default/smile.png]
[binarysharp.com/public/style_emoticons/default/happy.png]
[secure.gravatar.com/avatar/0f4c861670e45967da7c322ea09ef2ad63d2.jpeg]
[binarysharp.com/content/binarysharp-products-news/memorysharp/memorysharp-is-now-free-r12.html]
[binarysharp.com/content/binarysharp-products-news/memorysharp/memorysharp-ready-for-sale-r11.html]
[binarysharp.com/content/general/welcome-to-binarysharp-r10.html]
[binarysharp.com/privacypolicy/index.html]
[binarysharp.com/products/memorysharp/eula.html]
[binarysharp.com/public/js/ipb5063.js]
[binarysharp.com/index3326.html]
[binarysharp.com/index9b79.html]
[binarysharp.com/index81f4.html]
[binarysharp.com/index4d43.html]
[binarysharp.com/indexf47b.html]
[binarysharp.com/index346d.html]
[binarysharp.com/indexbbe6.html]
[binarysharp.com/indexa9e7.html]
[binarysharp.com/indexeda9.html]
[binarysharp.com/indexa487.html]
[binarysharp.com/index8d25.html]
[binarysharp.com/public/style_images/cubic/icon_refresh.png]
[binarysharp.com/indexa43b.html]
[binarysharp.com/public/style_images/cubic/assets/fontawesome-webfont.svg]
[binarysharp.com/public/glyphicons/css/custom.css]
[binarysharp.com/public/glyphicons/fonts/glyphicons-regular.svg]
[binarysharp.com/public/glyphicons/images/glyphicons.svg]
[binarysharp.com/public/glyphicons/images/glyphicons-white.svg]
[binarysharp.com/public/style_css/css_4/ipb_ckeditore0f2.css]
[binarysharp.com/public/style_images/cubic/gradient_bg.png]
[binarysharp.com/public/js/ipb4258.js]
[binarysharp.com/index89b2.html]
[binarysharp.com/public/js/3rd_party/ckeditor/ckeditora6b9.js]
[binarysharp.com/public/js/3rd_party/ckeditor/ips_config.js]
[binarysharp.com/public/style_extra/bbcode_icons/index.html]
[binarysharp.com/public/style_emoticons/default/index.html]
[binarysharp.com/indexc002.html]
[binarysharp.com/uploads/profile/photo-thumb-311ec.png]
[binarysharp.com/uploads/profile/photo-thumb-235b553.jpg]
[binarysharp.com/indexa5a1.html]
[binarysharp.com/index23f1.html]
[binarysharp.com/public/js/ipb1186.js]
[binarysharp.com/public/js/ipb7076.js]
[secure.gravatar.com/avatar/9029bde229e748278c4ab7f6d4e8600863d2.png]
[binarysharp.com/best-content/index5aee.html]
[binarysharp.com/best-content/indexceeb.html]
[binarysharp.com/index.e9939f.delayed]
[binarysharp.com/public/style_extra/mime_types/gif.gif]
[secure.gravatar.com/avatar/53832464f553a7074bd127f7fb4a470763d2.png]
[binarysharp.com/best-content/index.html]
[binarysharp.com/indexc955.html]
[binarysharp.com/content/general/index47b0.html]
[binarysharp.com/content/binarysharp-products-news/index47b0.html]
[binarysharp.com/content/general/indexdca4.html]
[binarysharp.com/content/general/indexf140.html]
[binarysharp.com/content/general/index5533.html]
[binarysharp.com/content/binarysharp-products-news/benchshark/index47b0.html]
[binarysharp.com/content/binarysharp-products-news/indexdca4.html]
[binarysharp.com/content/binarysharp-products-news/indexf140.html]
[binarysharp.com/content/binarysharp-products-news/index5533.html]
[binarysharp.com/content/binarysharp-products-news/fasm-net/index47b0.html]
[binarysharp.com/content/binarysharp-products-news/benchshark/indexdca4.html]
[binarysharp.com/content/binarysharp-products-news/benchshark/indexf140.html]
[binarysharp.com/content/binarysharp-products-news/benchshark/index5533.html]
[binarysharp.com/content/binarysharp-products-news/fasm-net/indexdca4.html]
[binarysharp.com/content/binarysharp-products-news/memorysharp/index47b0.html]
[binarysharp.com/content/binarysharp-products-news/fasm-net/indexf140.html]
[binarysharp.com/public/style_css/prettifye0f2.css]
[binarysharp.com/content/binarysharp-products-news/fasm-net/index5533.html]
[binarysharp.com/content/binarysharp-products-news/memorysharp/indexdca4.html]
[binarysharp.com/content/binarysharp-products-news/benchshark/let-benchshark-bite-your-applications-r14cb63.html]
[binarysharp.com/content/binarysharp-products-news/benchshark/let-benchshark-bite-your-applications-r146205.html]
[binarysharp.com/content/binarysharp-products-news/memorysharp/memorysharp-is-now-free-r122eef.html]
[binarysharp.com/products/memorysharp/eula.html]
[binarysharp.com/index3326.html]
[binarysharp.com/index9b79.html]
[binarysharp.com/index81f4.html]
[binarysharp.com/content/binarysharp-products-news/memorysharp/indexf140.html]
[binarysharp.com/content/binarysharp-products-news/memorysharp/index5533.html]
[binarysharp.com/public/style_images/cubic/f_icon.png]
[binarysharp.com/public/style_images/cubic/f_redirect.png]
[binarysharp.com/public/style_images/cubic/t_unread.png]
[binarysharp.com/public/style_images/cubic/t_read_dot.png]
[binarysharp.com/public/style_images/cubic/t_unread_dot.png]
[binarysharp.com/public/style_images/cubic/t_announcement.png]
[binarysharp.com/public/style_images/cubic/t_moved.png]
[binarysharp.com/public/style_images/cubic/t_locked.png]
[binarysharp.com/public/style_images/cubic/user_add.png]
[binarysharp.com/public/style_images/cubic/book_open.png]
[binarysharp.com/public/style_images/cubic/picture.png]
[binarysharp.com/public/style_images/cubic/delete.png]
[binarysharp.com/public/style_images/cubic/comment_edit.png]
[binarysharp.com/public/style_images/cubic/comment_delete.png]
[binarysharp.com/public/style_images/cubic/bullet_star_rated.png]
[binarysharp.com/index91ec.html]
[binarysharp.com/public/style_images/cubic/transmit_blue.png]
[binarysharp.com/index4d43.html]
[binarysharp.com/public/style_images/cubic/rte_icons/remove_formatting.png]
[binarysharp.com/public/style_images/cubic/rte_icons/emoticons.png]
[binarysharp.com/public/style_images/cubic/rte_icons/media.png]
[binarysharp.com/public/style_images/cubic/rte_icons/undo.png]
[binarysharp.com/public/style_images/cubic/rte_icons/redo.png]
[binarysharp.com/public/style_images/cubic/rte_icons/bold.png]
[binarysharp.com/public/style_images/cubic/rte_icons/italic.png]
[binarysharp.com/public/style_images/cubic/rte_icons/underline.png]
[binarysharp.com/public/style_images/cubic/rte_icons/strike.png]
[binarysharp.com/public/style_images/cubic/rte_icons/subscript.png]
[binarysharp.com/public/style_images/cubic/rte_icons/superscript.png]
[binarysharp.com/public/style_images/cubic/rte_icons/unordered_list.png]
[binarysharp.com/public/style_images/cubic/rte_icons/ordered_list.png]
[binarysharp.com/public/style_images/cubic/rte_icons/link.png]
[binarysharp.com/public/style_images/cubic/rte_icons/picture.png]
[binarysharp.com/public/style_images/cubic/rte_icons/code.png]
[binarysharp.com/public/style_images/cubic/rte_icons/quote.png]
[binarysharp.com/public/style_images/cubic/rte_icons/outdent.png]
[binarysharp.com/public/style_images/cubic/rte_icons/indent.png]
[binarysharp.com/public/style_images/cubic/rte_icons/align_left.png]
[binarysharp.com/public/style_images/cubic/rte_icons/align_right.png]
[binarysharp.com/public/style_images/cubic/rte_icons/align_center.png]
[binarysharp.com/public/style_images/cubic/bullet_delete.png]
[binarysharp.com/public/style_images/cubic/cross.png]
[binarysharp.com/indexf47b.html]
[binarysharp.com/public/style_images/cubic/bell.png]
[binarysharp.com/public/style_images/cubic/bell_off.png]
[binarysharp.com/public/style_images/cubic/arrow_rotate_clockwise.png]
[binarysharp.com/public/style_images/cubic/comment_add.png]
[binarysharp.com/public/style_images/cubic/report.png]
[binarysharp.com/public/style_images/cubic/folder_add.png]
[binarysharp.com/public/style_images/cubic/folder_edit.png]
[binarysharp.com/public/style_images/cubic/bin.png]
[binarysharp.com/index346d.html]
[binarysharp.com/indexbbe6.html]
[binarysharp.com/public/style_images/cubic/cog.png]
[binarysharp.com/indexa9e7.html]
[binarysharp.com/public/style_images/cubic/date.png]
[binarysharp.com/indexeda9.html]
[binarysharp.com/index8d25.html]
[binarysharp.com/index1414.html]
[www.google-analytics.com/analytics.js]
[binarysharp.com/public/style_css/css_4/ipb_ckeditore0f2.css]
[binarysharp.com/index89b2.html]
[binarysharp.com/public/style_extra/bbcode_icons/index.html]
[binarysharp.com/public/style_emoticons/default/index.html]
[binarysharp.com/indexcdbf.html]
[binarysharp.com/best-content/indexceeb.html]
[binarysharp.com/best-content/index5aee.html]
[binarysharp.com/index939f.html]
[binarysharp.com/content/general/indexdca4.html]
[binarysharp.com/content/general/indexf140.html]
[binarysharp.com/content/general/index5533.html]
[binarysharp.com/content/binarysharp-products-news/indexdca4.html]
[binarysharp.com/content/binarysharp-products-news/indexf140.html]
[binarysharp.com/content/binarysharp-products-news/index5533.html]
[binarysharp.com/content/binarysharp-products-news/benchshark/indexdca4.html]
[binarysharp.com/content/binarysharp-products-news/benchshark/indexf140.html]
[binarysharp.com/content/binarysharp-products-news/benchshark/index5533.html]
[binarysharp.com/content/binarysharp-products-news/fasm-net/indexdca4.html]
[binarysharp.com/content/binarysharp-products-news/fasm-net/indexf140.html]
[binarysharp.com/content/binarysharp-products-news/fasm-net/index5533.html]
[binarysharp.com/content/binarysharp-products-news/memorysharp/indexdca4.html]
[binarysharp.com/content/binarysharp-products-news/memorysharp/indexf140.html]
[binarysharp.com/content/binarysharp-products-news/memorysharp/index5533.html]
[binarysharp.com/index91ec.html]
[binarysharp.com/public/style_images/cubic/rte_icons/toggle.html]
[binarysharp.com/public/style_images/cubic/rte_icons/ips_bbcode.html]
[binarysharp.com/public/style_images/cubic/rte_icons/text_color.html]
[binarysharp.com/public/style_images/cubic/rte_icons/find.html]
[binarysharp.com/public/style_images/cubic/rte_icons/replace.html]
[binarysharp.com/public/style_images/cubic/rte_icons/copy.html]
[binarysharp.com/public/style_images/cubic/rte_icons/paste.html]
[binarysharp.com/public/style_images/cubic/rte_icons/paste_plain.html]
[binarysharp.com/public/style_images/cubic/rte_icons/paste_word.html]
[binarysharp.com/public/style_images/cubic/rte_icons/ips_options.html]
[binarysharp.com/public/style_images/cubic/rte_icons/unlink.html]
[binarysharp.com/public/js/ipbbe3e.js]
